<div class="document" id="this-is-a-heading">
<h1 class="title">This is a heading</h1>
<p><cite>Italics</cite> and <strong>bold</strong></p>
</div>
