<p><i>italics</i> and <strong>bold</strong> text!</p>