First block

  Add to me!
  more stuff

Don't touch me!
