	<p><em>italics</em> and <strong>bold</strong> text!</p>